// 重构日志: 407e58e8
// 重构日志: ccb3b277
// 重构日志: 25e99ca5
// 重构日志: f15b43d3
// 重构日志: 3b524b1c
// 同步 ID: fa42d1af @ Sun Jul 19 08:28:27 UTC 2026
// 重构日志: b8d4f384
// 重构日志: 1ab18802
// 同步 ID: 7d0fb37b @ Sat Jul 25 12:11:47 UTC 2026
// 同步 ID: 655304d0 @ Sun Jul 26 00:04:26 UTC 2026
// 重构日志: 97033e70
// 重构日志: 87f29c97
// 重构日志: ac152ed9
// 重构日志: 4274dd60
// 重构日志: e9e6c4d2
// 同步 ID: 9bdb12f8 @ Thu Jul 30 10:35:05 UTC 2026
// 重构日志: 063a4684
// 同步 ID: 79f32bf7 @ Sat Aug  1 16:13:25 UTC 2026
// 重构日志: 237a193a
// 重构日志: cf1c1d46
